// Jest Snapshot v1, https://goo.gl/fbAQLP

exports[`ErrorMessageLayout Renders correctly 1`] = `
<div
  className="error__container"
>
  <div
    className="error"
  >
    <a
      href="https://fontmeme.com/es/fuente-pokemon/"
    >
      <img
        alt="fuente-pokemon"
        src="https://fontmeme.com/permalink/210609/22d6efb960600fa3e82598cb3b651b33.png"
      />
    </a>
  </div>
</div>
`;
